
  [1;31mWe've found a bug for you![0m
  [36m/.../fixtures/arity_mismatch2.re[0m:[2m3:21-27[0m

  1 [2mâ”‚[0m 
  2 [2mâ”‚[0m let makeVar = (. f, ()) => 34;
  [1;31m3[0m [2mâ”‚[0m let makeVariables = [1;31mmakeVar[0m(. 1,2,3);

  This function expected [1;33m2[0m arguments, but got [1;31m3[0m