File "/.../fixtures/syntaxErrors2.re", line 2, characters 40-41:
Error: Syntax error

  [1;31mWe've found a bug for you![0m
  [36m/.../fixtures/syntaxErrors2.re[0m

  [1;33mThere's been an error running Reason's parser on a file.[0m
  If the message doesn't help, check for errors slightly above.
  Please file an issue on github.com/facebook/reason. Thanks!