
  [1;33mWarning number 5[0m
  [36m/.../fixtures/warnings1.re[0m [2m3:3-7[0m
  
  1 [2mâ”‚[0m let x = (a, b) => a + b;
  2 [2mâ”‚[0m let z = () => {
  [1;33m3[0m [2mâ”‚[0m   [1;33mx(10)[0m;
  4 [2mâ”‚[0m   10
  5 [2mâ”‚[0m };
  
  this function application is partial,
maybe some arguments are missing.