
  [1;31mWe've found a bug for you![0m
  [36m/.../fixtures/collections.re[0m [2m2:8-14[0m
  
  1 [2mâ”‚[0m /* wrong type in a list */
  [1;31m2[0m [2mâ”‚[0m [1, 2, [1;31m"Hello"[0m];
  3 [2mâ”‚[0m /*
  4 [2mâ”‚[0m File "/Users/jared/clone/fork/bucklescript/jscomp/build_tests/super_err
      ors/tmp/normal_collections_case0.re", line 2, characters 7-14:
  
  This has type:
    [1;31mstring[0m
  But somewhere wanted:
    [1;33mint[0m